--- TEST 1: 1 PROCESSUS ---
Authorization required, but no authorization protocol specified
Authorization required, but no authorization protocol specified
Using MPI solver
Running simulation with grid 2048x2048, 500 time steps
Final Mean Temperature: 0.000000
MPI Solver Timing:
  Total: Timer: 3.105702 seconds
  Computation: Timer: 3.099685 seconds
  Communication: Timer: 0.005771 seconds
  Communication ratio: 0.185808%
--- TEST 2: 4 PROCESSUS ---
Authorization required, but no authorization protocol specified
Authorization required, but no authorization protocol specified
Using MPI solver
Running simulation with grid 4096x4096, 500 time steps
Final Mean Temperature: 0.000000
MPI Solver Timing:
  Total: Timer: 3.916728 seconds
  Computation: Timer: 3.820326 seconds
  Communication: Timer: 0.096255 seconds
  Communication ratio: 2.457546%
