--- TEST 1: 1 COEUR (CHARGE NORMALE) ---
Authorization required, but no authorization protocol specified
Authorization required, but no authorization protocol specified
Using MPI solver
Running simulation with grid 2048x2048, 500 time steps
Final Mean Temperature: 0.000000
MPI Solver Timing:
  Total: Timer: 3.032861 seconds
  Computation: Timer: 3.026753 seconds
  Communication: Timer: 0.005920 seconds
  Communication ratio: 0.195195%
--- TEST 2: 4 COEURS (CHARGE QUADRUPLEE) ---
Authorization required, but no authorization protocol specified
Authorization required, but no authorization protocol specified
Using MPI solver
Running simulation with grid 4096x4096, 500 time steps
Final Mean Temperature: 0.000000
MPI Solver Timing:
  Total: Timer: 3.982487 seconds
  Computation: Timer: 3.819611 seconds
  Communication: Timer: 0.162612 seconds
  Communication ratio: 4.083169%
